[2026-02-27T18:13:40.460Z] Active: dmitriy
[2026-02-27T18:14:11.766Z] Active: dmitriy, artemius, egor, anton, molchan, krasner, xamel1ion
[2026-02-27T18:14:43.079Z] Active: dmitriy
[2026-02-27T18:15:14.429Z] Active: dmitriy
[2026-02-27T18:15:46.423Z] Active: dmitriy
[2026-02-27T18:16:17.657Z] Active: dmitriy
[2026-02-27T18:16:48.742Z] Active: dmitriy
[2026-02-27T18:17:20.008Z] Active: dmitriy
[2026-02-27T18:17:52.744Z] Active: dmitriy
[2026-02-27T18:18:24.680Z] Active: dmitriy
[2026-02-27T18:18:56.337Z] Active: dmitriy
[2026-02-27T18:19:27.574Z] Active: dmitriy
[2026-02-27T18:19:58.681Z] Active: dmitriy
[2026-02-27T18:20:29.880Z] Active: dmitriy
[2026-02-27T18:21:01.226Z] Active: dmitriy
[2026-02-27T18:21:32.560Z] Active: dmitriy
[2026-02-27T18:22:03.822Z] Active: dmitriy
[2026-02-27T18:22:34.954Z] Active: dmitriy
[2026-02-27T18:23:07.123Z] Active: dmitriy
[2026-02-27T18:23:42.452Z] Active: dmitriy
[2026-02-27T18:24:14.852Z] Active: dmitriy
[2026-02-27T18:24:47.421Z] Active: dmitriy
[2026-02-27T18:25:18.614Z] Active: dmitriy
[2026-02-27T18:25:50.953Z] Active: dmitriy
[2026-02-27T18:26:24.118Z] Active: dmitriy
[2026-02-27T18:26:55.632Z] Active: dmitriy
[2026-02-27T18:27:27.195Z] Active: dmitriy
❌ Error: GitHub API error: 403 {"message":"API rate limit exceeded for user ID 231718895. If you reach out to GitHub Support for help, please include the request ID E4CE:58599:D09116:B55374:69A1E22F and timestamp 2026-02-27 18:28:00 UTC. For more on scraping GitHub and how it may affect your rights, please review our Terms of Service (https://docs.github.com/en/site-policy/github-terms/github-terms-of-service)","documentation_url":"https://docs.github.com/rest/overview/rate-limits-for-the-rest-api","status":"403"}
❌ Error: GitHub API error: 403 {"message":"API rate limit exceeded for user ID 231718895. If you reach out to GitHub Support for help, please include the request ID E4C6:12CE3E:C9E6E1:AF58DD:69A1E24E and timestamp 2026-02-27 18:28:30 UTC. For more on scraping GitHub and how it may affect your rights, please review our Terms of Service (https://docs.github.com/en/site-policy/github-terms/github-terms-of-service)","documentation_url":"https://docs.github.com/rest/overview/rate-limits-for-the-rest-api","status":"403"}
❌ Error: GitHub API error: 403 {"message":"API rate limit exceeded for user ID 231718895. If you reach out to GitHub Support for help, please include the request ID E4F4:3E8134:C94F48:AE93AC:69A1E26D and timestamp 2026-02-27 18:29:01 UTC. For more on scraping GitHub and how it may affect your rights, please review our Terms of Service (https://docs.github.com/en/site-policy/github-terms/github-terms-of-service)","documentation_url":"https://docs.github.com/rest/overview/rate-limits-for-the-rest-api","status":"403"}
[2026-02-27T18:29:31.567Z] Active: dmitriy
[2026-02-27T18:30:02.830Z] Active: dmitriy
[2026-02-27T18:30:34.544Z] Active: dmitriy
[2026-02-27T18:31:06.678Z] Active: dmitriy
[2026-02-27T18:31:37.905Z] Active: dmitriy
[2026-02-27T18:32:09.177Z] Active: dmitriy
[2026-02-27T18:32:40.355Z] Active: dmitriy
[2026-02-27T18:33:11.541Z] Active: dmitriy
[2026-02-27T18:33:42.934Z] Active: dmitriy
[2026-02-27T18:34:14.231Z] Active: dmitriy
[2026-02-27T18:34:45.413Z] Active: dmitriy
[2026-02-27T18:35:16.572Z] Active: dmitriy
[2026-02-27T18:35:47.842Z] Active: none
[2026-02-27T18:36:19.033Z] Active: none
[2026-02-27T18:36:50.268Z] Active: none
[2026-02-27T18:37:21.431Z] Active: none
[2026-02-27T18:37:52.624Z] Active: none
[2026-02-27T18:38:23.889Z] Active: none
❌ Error: Cannot read properties of undefined (reading 'startsWith')
❌ Error: Cannot read properties of undefined (reading 'startsWith')
❌ Error: Cannot read properties of undefined (reading 'startsWith')
❌ Error: Cannot read properties of undefined (reading 'startsWith')
[2026-02-27T18:40:55.125Z] Active: none
[2026-02-27T18:41:26.345Z] Active: none
[2026-02-27T18:41:57.522Z] Active: dmitriy
[2026-02-27T18:42:28.690Z] Active: dmitriy
[2026-02-27T18:43:00.034Z] Active: dmitriy
[2026-02-27T18:43:31.320Z] Active: dmitriy
